// Vitest Snapshot v1, https://vitest.dev/guide/snapshot.html

exports[`Probar el componente <Counter/> > Primer Snapshots 1`] = `
<h2
  role="counter"
>
  Counter: 
  0
</h2>
`;
